// Jest Snapshot v1, https://goo.gl/fbAQLP

exports[`Form renders a form 1`] = `
<form>
  Hallo
</form>
`;
